Command line invocation:
    /Applications/Xcode.app/Contents/Developer/usr/bin/xcodebuild -project drag.on.xcodeproj -scheme drag.on -configuration Debug build

User defaults from command line:
    IDEPackageSupportUseBuiltinSCM = YES

--- xcodebuild: WARNING: Using the first of multiple matching destinations:
{ platform:macOS, arch:x86_64, id:DB5749A5-554C-5270-BDE5-27211F62A99A, name:My Mac }
{ platform:macOS, name:Any Mac }
Prepare packages

ComputeTargetDependencyGraph
note: Building targets in dependency order
note: Target dependency graph (1 target)
    Target 'drag.on' in project 'drag.on' (no dependencies)

GatherProvisioningInputs

CreateBuildDescription

ExecuteExternalTool /Applications/Xcode.app/Contents/Developer/usr/bin/actool --version --output-format xml1

ExecuteExternalTool /Applications/Xcode.app/Contents/Developer/Toolchains/XcodeDefault.xctoolchain/usr/bin/clang -v -E -dM -isysroot /Applications/Xcode.app/Contents/Developer/Platforms/MacOSX.platform/Developer/SDKs/MacOSX15.2.sdk -x c -c /dev/null

ExecuteExternalTool /Applications/Xcode.app/Contents/Developer/Toolchains/XcodeDefault.xctoolchain/usr/bin/swiftc --version

ExecuteExternalTool /Applications/Xcode.app/Contents/Developer/Toolchains/XcodeDefault.xctoolchain/usr/bin/ld -version_details

Build description signature: 786f1830744ad45ddfa8cc20bded59ab
Build description path: /Users/assimgenshi/Library/Developer/Xcode/DerivedData/drag.on-bakqcvrpemqybnclbtzzdzkrelef/Build/Intermediates.noindex/XCBuildData/786f1830744ad45ddfa8cc20bded59ab.xcbuilddata
ClangStatCache /Applications/Xcode.app/Contents/Developer/Toolchains/XcodeDefault.xctoolchain/usr/bin/clang-stat-cache /Applications/Xcode.app/Contents/Developer/Platforms/MacOSX.platform/Developer/SDKs/MacOSX15.2.sdk /Users/assimgenshi/Library/Developer/Xcode/DerivedData/SDKStatCaches.noindex/macosx15.2-24C94-1dd28740b163f220e3e9b9fd2a542f53.sdkstatcache
    cd /Users/assimgenshi/Documents/2.coding\ project/drag.on/drag.on.xcodeproj
    /Applications/Xcode.app/Contents/Developer/Toolchains/XcodeDefault.xctoolchain/usr/bin/clang-stat-cache /Applications/Xcode.app/Contents/Developer/Platforms/MacOSX.platform/Developer/SDKs/MacOSX15.2.sdk -o /Users/assimgenshi/Library/Developer/Xcode/DerivedData/SDKStatCaches.noindex/macosx15.2-24C94-1dd28740b163f220e3e9b9fd2a542f53.sdkstatcache

WriteAuxiliaryFile /Users/assimgenshi/Library/Developer/Xcode/DerivedData/drag.on-bakqcvrpemqybnclbtzzdzkrelef/Build/Intermediates.noindex/drag.on.build/Debug/drag.on.build/Objects-normal/x86_64/drag.on.SwiftFileList (in target 'drag.on' from project 'drag.on')
    cd /Users/assimgenshi/Documents/2.coding\ project/drag.on
    write-file /Users/assimgenshi/Library/Developer/Xcode/DerivedData/drag.on-bakqcvrpemqybnclbtzzdzkrelef/Build/Intermediates.noindex/drag.on.build/Debug/drag.on.build/Objects-normal/x86_64/drag.on.SwiftFileList

WriteAuxiliaryFile /Users/assimgenshi/Library/Developer/Xcode/DerivedData/drag.on-bakqcvrpemqybnclbtzzdzkrelef/Build/Intermediates.noindex/drag.on.build/Debug/drag.on.build/Objects-normal/x86_64/drag.on.SwiftConstValuesFileList (in target 'drag.on' from project 'drag.on')
    cd /Users/assimgenshi/Documents/2.coding\ project/drag.on
    write-file /Users/assimgenshi/Library/Developer/Xcode/DerivedData/drag.on-bakqcvrpemqybnclbtzzdzkrelef/Build/Intermediates.noindex/drag.on.build/Debug/drag.on.build/Objects-normal/x86_64/drag.on.SwiftConstValuesFileList

WriteAuxiliaryFile /Users/assimgenshi/Library/Developer/Xcode/DerivedData/drag.on-bakqcvrpemqybnclbtzzdzkrelef/Build/Intermediates.noindex/drag.on.build/Debug/drag.on.build/Objects-normal/x86_64/drag.on.LinkFileList (in target 'drag.on' from project 'drag.on')
    cd /Users/assimgenshi/Documents/2.coding\ project/drag.on
    write-file /Users/assimgenshi/Library/Developer/Xcode/DerivedData/drag.on-bakqcvrpemqybnclbtzzdzkrelef/Build/Intermediates.noindex/drag.on.build/Debug/drag.on.build/Objects-normal/x86_64/drag.on.LinkFileList

ProcessProductPackaging /Users/assimgenshi/Documents/2.coding\ project/drag.on/drag.on/drag_on.entitlements /Users/assimgenshi/Library/Developer/Xcode/DerivedData/drag.on-bakqcvrpemqybnclbtzzdzkrelef/Build/Intermediates.noindex/drag.on.build/Debug/drag.on.build/drag.on.app.xcent (in target 'drag.on' from project 'drag.on')
    cd /Users/assimgenshi/Documents/2.coding\ project/drag.on
    
    Entitlements:
    
    {
    "com.apple.security.app-sandbox" = 0;
    "com.apple.security.files.user-selected.read-only" = 1;
    "com.apple.security.get-task-allow" = 1;
}
    
    builtin-productPackagingUtility /Users/assimgenshi/Documents/2.coding\ project/drag.on/drag.on/drag_on.entitlements -entitlements -format xml -o /Users/assimgenshi/Library/Developer/Xcode/DerivedData/drag.on-bakqcvrpemqybnclbtzzdzkrelef/Build/Intermediates.noindex/drag.on.build/Debug/drag.on.build/drag.on.app.xcent

ProcessProductPackagingDER /Users/assimgenshi/Library/Developer/Xcode/DerivedData/drag.on-bakqcvrpemqybnclbtzzdzkrelef/Build/Intermediates.noindex/drag.on.build/Debug/drag.on.build/drag.on.app.xcent /Users/assimgenshi/Library/Developer/Xcode/DerivedData/drag.on-bakqcvrpemqybnclbtzzdzkrelef/Build/Intermediates.noindex/drag.on.build/Debug/drag.on.build/drag.on.app.xcent.der (in target 'drag.on' from project 'drag.on')
    cd /Users/assimgenshi/Documents/2.coding\ project/drag.on
    /usr/bin/derq query -f xml -i /Users/assimgenshi/Library/Developer/Xcode/DerivedData/drag.on-bakqcvrpemqybnclbtzzdzkrelef/Build/Intermediates.noindex/drag.on.build/Debug/drag.on.build/drag.on.app.xcent -o /Users/assimgenshi/Library/Developer/Xcode/DerivedData/drag.on-bakqcvrpemqybnclbtzzdzkrelef/Build/Intermediates.noindex/drag.on.build/Debug/drag.on.build/drag.on.app.xcent.der --raw

ProcessInfoPlistFile /Users/assimgenshi/Library/Developer/Xcode/DerivedData/drag.on-bakqcvrpemqybnclbtzzdzkrelef/Build/Products/Debug/drag.on.app/Contents/Info.plist /Users/assimgenshi/Library/Developer/Xcode/DerivedData/drag.on-bakqcvrpemqybnclbtzzdzkrelef/Build/Intermediates.noindex/drag.on.build/Debug/drag.on.build/empty-drag.on.plist (in target 'drag.on' from project 'drag.on')
    cd /Users/assimgenshi/Documents/2.coding\ project/drag.on
    builtin-infoPlistUtility /Users/assimgenshi/Library/Developer/Xcode/DerivedData/drag.on-bakqcvrpemqybnclbtzzdzkrelef/Build/Intermediates.noindex/drag.on.build/Debug/drag.on.build/empty-drag.on.plist -producttype com.apple.product-type.application -genpkginfo /Users/assimgenshi/Library/Developer/Xcode/DerivedData/drag.on-bakqcvrpemqybnclbtzzdzkrelef/Build/Products/Debug/drag.on.app/Contents/PkgInfo -expandbuildsettings -platform macosx -additionalcontentfile /Users/assimgenshi/Library/Developer/Xcode/DerivedData/drag.on-bakqcvrpemqybnclbtzzdzkrelef/Build/Intermediates.noindex/drag.on.build/Debug/drag.on.build/assetcatalog_generated_info.plist -o /Users/assimgenshi/Library/Developer/Xcode/DerivedData/drag.on-bakqcvrpemqybnclbtzzdzkrelef/Build/Products/Debug/drag.on.app/Contents/Info.plist

SwiftDriver drag.on normal x86_64 com.apple.xcode.tools.swift.compiler (in target 'drag.on' from project 'drag.on')
    cd /Users/assimgenshi/Documents/2.coding\ project/drag.on
    builtin-SwiftDriver -- /Applications/Xcode.app/Contents/Developer/Toolchains/XcodeDefault.xctoolchain/usr/bin/swiftc -module-name drag_on -Onone -enforce-exclusivity\=checked @/Users/assimgenshi/Library/Developer/Xcode/DerivedData/drag.on-bakqcvrpemqybnclbtzzdzkrelef/Build/Intermediates.noindex/drag.on.build/Debug/drag.on.build/Objects-normal/x86_64/drag.on.SwiftFileList -DDEBUG -enable-bare-slash-regex -enable-experimental-feature DebugDescriptionMacro -sdk /Applications/Xcode.app/Contents/Developer/Platforms/MacOSX.platform/Developer/SDKs/MacOSX15.2.sdk -target x86_64-apple-macos14.6 -g -module-cache-path /Users/assimgenshi/Library/Developer/Xcode/DerivedData/ModuleCache.noindex -Xfrontend -serialize-debugging-options -profile-coverage-mapping -profile-generate -enable-testing -index-store-path /Users/assimgenshi/Library/Developer/Xcode/DerivedData/drag.on-bakqcvrpemqybnclbtzzdzkrelef/Index.noindex/DataStore -enable-experimental-feature OpaqueTypeErasure -Xcc -D_LIBCPP_HARDENING_MODE\=_LIBCPP_HARDENING_MODE_DEBUG -swift-version 5 -I /Users/assimgenshi/Library/Developer/Xcode/DerivedData/drag.on-bakqcvrpemqybnclbtzzdzkrelef/Build/Products/Debug -F /Users/assimgenshi/Library/Developer/Xcode/DerivedData/drag.on-bakqcvrpemqybnclbtzzdzkrelef/Build/Products/Debug -emit-localized-strings -emit-localized-strings-path /Users/assimgenshi/Library/Developer/Xcode/DerivedData/drag.on-bakqcvrpemqybnclbtzzdzkrelef/Build/Intermediates.noindex/drag.on.build/Debug/drag.on.build/Objects-normal/x86_64 -c -j4 -enable-batch-mode -incremental -Xcc -ivfsstatcache -Xcc /Users/assimgenshi/Library/Developer/Xcode/DerivedData/SDKStatCaches.noindex/macosx15.2-24C94-1dd28740b163f220e3e9b9fd2a542f53.sdkstatcache -output-file-map /Users/assimgenshi/Library/Developer/Xcode/DerivedData/drag.on-bakqcvrpemqybnclbtzzdzkrelef/Build/Intermediates.noindex/drag.on.build/Debug/drag.on.build/Objects-normal/x86_64/drag.on-OutputFileMap.json -use-frontend-parseable-output -save-temps -no-color-diagnostics -serialize-diagnostics -emit-dependencies -emit-module -emit-module-path /Users/assimgenshi/Library/Developer/Xcode/DerivedData/drag.on-bakqcvrpemqybnclbtzzdzkrelef/Build/Intermediates.noindex/drag.on.build/Debug/drag.on.build/Objects-normal/x86_64/drag_on.swiftmodule -validate-clang-modules-once -clang-build-session-file /Users/assimgenshi/Library/Developer/Xcode/DerivedData/ModuleCache.noindex/Session.modulevalidation -Xcc -I/Users/assimgenshi/Library/Developer/Xcode/DerivedData/drag.on-bakqcvrpemqybnclbtzzdzkrelef/Build/Intermediates.noindex/drag.on.build/Debug/drag.on.build/swift-overrides.hmap -emit-const-values -Xfrontend -const-gather-protocols-file -Xfrontend /Users/assimgenshi/Library/Developer/Xcode/DerivedData/drag.on-bakqcvrpemqybnclbtzzdzkrelef/Build/Intermediates.noindex/drag.on.build/Debug/drag.on.build/Objects-normal/x86_64/drag.on_const_extract_protocols.json -Xcc -iquote -Xcc /Users/assimgenshi/Library/Developer/Xcode/DerivedData/drag.on-bakqcvrpemqybnclbtzzdzkrelef/Build/Intermediates.noindex/drag.on.build/Debug/drag.on.build/drag.on-generated-files.hmap -Xcc -I/Users/assimgenshi/Library/Developer/Xcode/DerivedData/drag.on-bakqcvrpemqybnclbtzzdzkrelef/Build/Intermediates.noindex/drag.on.build/Debug/drag.on.build/drag.on-own-target-headers.hmap -Xcc -I/Users/assimgenshi/Library/Developer/Xcode/DerivedData/drag.on-bakqcvrpemqybnclbtzzdzkrelef/Build/Intermediates.noindex/drag.on.build/Debug/drag.on.build/drag.on-all-target-headers.hmap -Xcc -iquote -Xcc /Users/assimgenshi/Library/Developer/Xcode/DerivedData/drag.on-bakqcvrpemqybnclbtzzdzkrelef/Build/Intermediates.noindex/drag.on.build/Debug/drag.on.build/drag.on-project-headers.hmap -Xcc -I/Users/assimgenshi/Library/Developer/Xcode/DerivedData/drag.on-bakqcvrpemqybnclbtzzdzkrelef/Build/Products/Debug/include -Xcc -I/Users/assimgenshi/Library/Developer/Xcode/DerivedData/drag.on-bakqcvrpemqybnclbtzzdzkrelef/Build/Intermediates.noindex/drag.on.build/Debug/drag.on.build/DerivedSources-normal/x86_64 -Xcc -I/Users/assimgenshi/Library/Developer/Xcode/DerivedData/drag.on-bakqcvrpemqybnclbtzzdzkrelef/Build/Intermediates.noindex/drag.on.build/Debug/drag.on.build/DerivedSources/x86_64 -Xcc -I/Users/assimgenshi/Library/Developer/Xcode/DerivedData/drag.on-bakqcvrpemqybnclbtzzdzkrelef/Build/Intermediates.noindex/drag.on.build/Debug/drag.on.build/DerivedSources -Xcc -DDEBUG\=1 -emit-objc-header -emit-objc-header-path /Users/assimgenshi/Library/Developer/Xcode/DerivedData/drag.on-bakqcvrpemqybnclbtzzdzkrelef/Build/Intermediates.noindex/drag.on.build/Debug/drag.on.build/Objects-normal/x86_64/drag_on-Swift.h -working-directory /Users/assimgenshi/Documents/2.coding\ project/drag.on -experimental-emit-module-separately -disable-cmo

SwiftDriver\ Compilation\ Requirements drag.on normal x86_64 com.apple.xcode.tools.swift.compiler (in target 'drag.on' from project 'drag.on')
    cd /Users/assimgenshi/Documents/2.coding\ project/drag.on
    builtin-Swift-Compilation-Requirements -- /Applications/Xcode.app/Contents/Developer/Toolchains/XcodeDefault.xctoolchain/usr/bin/swiftc -module-name drag_on -Onone -enforce-exclusivity\=checked @/Users/assimgenshi/Library/Developer/Xcode/DerivedData/drag.on-bakqcvrpemqybnclbtzzdzkrelef/Build/Intermediates.noindex/drag.on.build/Debug/drag.on.build/Objects-normal/x86_64/drag.on.SwiftFileList -DDEBUG -enable-bare-slash-regex -enable-experimental-feature DebugDescriptionMacro -sdk /Applications/Xcode.app/Contents/Developer/Platforms/MacOSX.platform/Developer/SDKs/MacOSX15.2.sdk -target x86_64-apple-macos14.6 -g -module-cache-path /Users/assimgenshi/Library/Developer/Xcode/DerivedData/ModuleCache.noindex -Xfrontend -serialize-debugging-options -profile-coverage-mapping -profile-generate -enable-testing -index-store-path /Users/assimgenshi/Library/Developer/Xcode/DerivedData/drag.on-bakqcvrpemqybnclbtzzdzkrelef/Index.noindex/DataStore -enable-experimental-feature OpaqueTypeErasure -Xcc -D_LIBCPP_HARDENING_MODE\=_LIBCPP_HARDENING_MODE_DEBUG -swift-version 5 -I /Users/assimgenshi/Library/Developer/Xcode/DerivedData/drag.on-bakqcvrpemqybnclbtzzdzkrelef/Build/Products/Debug -F /Users/assimgenshi/Library/Developer/Xcode/DerivedData/drag.on-bakqcvrpemqybnclbtzzdzkrelef/Build/Products/Debug -emit-localized-strings -emit-localized-strings-path /Users/assimgenshi/Library/Developer/Xcode/DerivedData/drag.on-bakqcvrpemqybnclbtzzdzkrelef/Build/Intermediates.noindex/drag.on.build/Debug/drag.on.build/Objects-normal/x86_64 -c -j4 -enable-batch-mode -incremental -Xcc -ivfsstatcache -Xcc /Users/assimgenshi/Library/Developer/Xcode/DerivedData/SDKStatCaches.noindex/macosx15.2-24C94-1dd28740b163f220e3e9b9fd2a542f53.sdkstatcache -output-file-map /Users/assimgenshi/Library/Developer/Xcode/DerivedData/drag.on-bakqcvrpemqybnclbtzzdzkrelef/Build/Intermediates.noindex/drag.on.build/Debug/drag.on.build/Objects-normal/x86_64/drag.on-OutputFileMap.json -use-frontend-parseable-output -save-temps -no-color-diagnostics -serialize-diagnostics -emit-dependencies -emit-module -emit-module-path /Users/assimgenshi/Library/Developer/Xcode/DerivedData/drag.on-bakqcvrpemqybnclbtzzdzkrelef/Build/Intermediates.noindex/drag.on.build/Debug/drag.on.build/Objects-normal/x86_64/drag_on.swiftmodule -validate-clang-modules-once -clang-build-session-file /Users/assimgenshi/Library/Developer/Xcode/DerivedData/ModuleCache.noindex/Session.modulevalidation -Xcc -I/Users/assimgenshi/Library/Developer/Xcode/DerivedData/drag.on-bakqcvrpemqybnclbtzzdzkrelef/Build/Intermediates.noindex/drag.on.build/Debug/drag.on.build/swift-overrides.hmap -emit-const-values -Xfrontend -const-gather-protocols-file -Xfrontend /Users/assimgenshi/Library/Developer/Xcode/DerivedData/drag.on-bakqcvrpemqybnclbtzzdzkrelef/Build/Intermediates.noindex/drag.on.build/Debug/drag.on.build/Objects-normal/x86_64/drag.on_const_extract_protocols.json -Xcc -iquote -Xcc /Users/assimgenshi/Library/Developer/Xcode/DerivedData/drag.on-bakqcvrpemqybnclbtzzdzkrelef/Build/Intermediates.noindex/drag.on.build/Debug/drag.on.build/drag.on-generated-files.hmap -Xcc -I/Users/assimgenshi/Library/Developer/Xcode/DerivedData/drag.on-bakqcvrpemqybnclbtzzdzkrelef/Build/Intermediates.noindex/drag.on.build/Debug/drag.on.build/drag.on-own-target-headers.hmap -Xcc -I/Users/assimgenshi/Library/Developer/Xcode/DerivedData/drag.on-bakqcvrpemqybnclbtzzdzkrelef/Build/Intermediates.noindex/drag.on.build/Debug/drag.on.build/drag.on-all-target-headers.hmap -Xcc -iquote -Xcc /Users/assimgenshi/Library/Developer/Xcode/DerivedData/drag.on-bakqcvrpemqybnclbtzzdzkrelef/Build/Intermediates.noindex/drag.on.build/Debug/drag.on.build/drag.on-project-headers.hmap -Xcc -I/Users/assimgenshi/Library/Developer/Xcode/DerivedData/drag.on-bakqcvrpemqybnclbtzzdzkrelef/Build/Products/Debug/include -Xcc -I/Users/assimgenshi/Library/Developer/Xcode/DerivedData/drag.on-bakqcvrpemqybnclbtzzdzkrelef/Build/Intermediates.noindex/drag.on.build/Debug/drag.on.build/DerivedSources-normal/x86_64 -Xcc -I/Users/assimgenshi/Library/Developer/Xcode/DerivedData/drag.on-bakqcvrpemqybnclbtzzdzkrelef/Build/Intermediates.noindex/drag.on.build/Debug/drag.on.build/DerivedSources/x86_64 -Xcc -I/Users/assimgenshi/Library/Developer/Xcode/DerivedData/drag.on-bakqcvrpemqybnclbtzzdzkrelef/Build/Intermediates.noindex/drag.on.build/Debug/drag.on.build/DerivedSources -Xcc -DDEBUG\=1 -emit-objc-header -emit-objc-header-path /Users/assimgenshi/Library/Developer/Xcode/DerivedData/drag.on-bakqcvrpemqybnclbtzzdzkrelef/Build/Intermediates.noindex/drag.on.build/Debug/drag.on.build/Objects-normal/x86_64/drag_on-Swift.h -working-directory /Users/assimgenshi/Documents/2.coding\ project/drag.on -experimental-emit-module-separately -disable-cmo

SwiftDriver\ Compilation drag.on normal x86_64 com.apple.xcode.tools.swift.compiler (in target 'drag.on' from project 'drag.on')
    cd /Users/assimgenshi/Documents/2.coding\ project/drag.on
    builtin-Swift-Compilation -- /Applications/Xcode.app/Contents/Developer/Toolchains/XcodeDefault.xctoolchain/usr/bin/swiftc -module-name drag_on -Onone -enforce-exclusivity\=checked @/Users/assimgenshi/Library/Developer/Xcode/DerivedData/drag.on-bakqcvrpemqybnclbtzzdzkrelef/Build/Intermediates.noindex/drag.on.build/Debug/drag.on.build/Objects-normal/x86_64/drag.on.SwiftFileList -DDEBUG -enable-bare-slash-regex -enable-experimental-feature DebugDescriptionMacro -sdk /Applications/Xcode.app/Contents/Developer/Platforms/MacOSX.platform/Developer/SDKs/MacOSX15.2.sdk -target x86_64-apple-macos14.6 -g -module-cache-path /Users/assimgenshi/Library/Developer/Xcode/DerivedData/ModuleCache.noindex -Xfrontend -serialize-debugging-options -profile-coverage-mapping -profile-generate -enable-testing -index-store-path /Users/assimgenshi/Library/Developer/Xcode/DerivedData/drag.on-bakqcvrpemqybnclbtzzdzkrelef/Index.noindex/DataStore -enable-experimental-feature OpaqueTypeErasure -Xcc -D_LIBCPP_HARDENING_MODE\=_LIBCPP_HARDENING_MODE_DEBUG -swift-version 5 -I /Users/assimgenshi/Library/Developer/Xcode/DerivedData/drag.on-bakqcvrpemqybnclbtzzdzkrelef/Build/Products/Debug -F /Users/assimgenshi/Library/Developer/Xcode/DerivedData/drag.on-bakqcvrpemqybnclbtzzdzkrelef/Build/Products/Debug -emit-localized-strings -emit-localized-strings-path /Users/assimgenshi/Library/Developer/Xcode/DerivedData/drag.on-bakqcvrpemqybnclbtzzdzkrelef/Build/Intermediates.noindex/drag.on.build/Debug/drag.on.build/Objects-normal/x86_64 -c -j4 -enable-batch-mode -incremental -Xcc -ivfsstatcache -Xcc /Users/assimgenshi/Library/Developer/Xcode/DerivedData/SDKStatCaches.noindex/macosx15.2-24C94-1dd28740b163f220e3e9b9fd2a542f53.sdkstatcache -output-file-map /Users/assimgenshi/Library/Developer/Xcode/DerivedData/drag.on-bakqcvrpemqybnclbtzzdzkrelef/Build/Intermediates.noindex/drag.on.build/Debug/drag.on.build/Objects-normal/x86_64/drag.on-OutputFileMap.json -use-frontend-parseable-output -save-temps -no-color-diagnostics -serialize-diagnostics -emit-dependencies -emit-module -emit-module-path /Users/assimgenshi/Library/Developer/Xcode/DerivedData/drag.on-bakqcvrpemqybnclbtzzdzkrelef/Build/Intermediates.noindex/drag.on.build/Debug/drag.on.build/Objects-normal/x86_64/drag_on.swiftmodule -validate-clang-modules-once -clang-build-session-file /Users/assimgenshi/Library/Developer/Xcode/DerivedData/ModuleCache.noindex/Session.modulevalidation -Xcc -I/Users/assimgenshi/Library/Developer/Xcode/DerivedData/drag.on-bakqcvrpemqybnclbtzzdzkrelef/Build/Intermediates.noindex/drag.on.build/Debug/drag.on.build/swift-overrides.hmap -emit-const-values -Xfrontend -const-gather-protocols-file -Xfrontend /Users/assimgenshi/Library/Developer/Xcode/DerivedData/drag.on-bakqcvrpemqybnclbtzzdzkrelef/Build/Intermediates.noindex/drag.on.build/Debug/drag.on.build/Objects-normal/x86_64/drag.on_const_extract_protocols.json -Xcc -iquote -Xcc /Users/assimgenshi/Library/Developer/Xcode/DerivedData/drag.on-bakqcvrpemqybnclbtzzdzkrelef/Build/Intermediates.noindex/drag.on.build/Debug/drag.on.build/drag.on-generated-files.hmap -Xcc -I/Users/assimgenshi/Library/Developer/Xcode/DerivedData/drag.on-bakqcvrpemqybnclbtzzdzkrelef/Build/Intermediates.noindex/drag.on.build/Debug/drag.on.build/drag.on-own-target-headers.hmap -Xcc -I/Users/assimgenshi/Library/Developer/Xcode/DerivedData/drag.on-bakqcvrpemqybnclbtzzdzkrelef/Build/Intermediates.noindex/drag.on.build/Debug/drag.on.build/drag.on-all-target-headers.hmap -Xcc -iquote -Xcc /Users/assimgenshi/Library/Developer/Xcode/DerivedData/drag.on-bakqcvrpemqybnclbtzzdzkrelef/Build/Intermediates.noindex/drag.on.build/Debug/drag.on.build/drag.on-project-headers.hmap -Xcc -I/Users/assimgenshi/Library/Developer/Xcode/DerivedData/drag.on-bakqcvrpemqybnclbtzzdzkrelef/Build/Products/Debug/include -Xcc -I/Users/assimgenshi/Library/Developer/Xcode/DerivedData/drag.on-bakqcvrpemqybnclbtzzdzkrelef/Build/Intermediates.noindex/drag.on.build/Debug/drag.on.build/DerivedSources-normal/x86_64 -Xcc -I/Users/assimgenshi/Library/Developer/Xcode/DerivedData/drag.on-bakqcvrpemqybnclbtzzdzkrelef/Build/Intermediates.noindex/drag.on.build/Debug/drag.on.build/DerivedSources/x86_64 -Xcc -I/Users/assimgenshi/Library/Developer/Xcode/DerivedData/drag.on-bakqcvrpemqybnclbtzzdzkrelef/Build/Intermediates.noindex/drag.on.build/Debug/drag.on.build/DerivedSources -Xcc -DDEBUG\=1 -emit-objc-header -emit-objc-header-path /Users/assimgenshi/Library/Developer/Xcode/DerivedData/drag.on-bakqcvrpemqybnclbtzzdzkrelef/Build/Intermediates.noindex/drag.on.build/Debug/drag.on.build/Objects-normal/x86_64/drag_on-Swift.h -working-directory /Users/assimgenshi/Documents/2.coding\ project/drag.on -experimental-emit-module-separately -disable-cmo

Ld /Users/assimgenshi/Library/Developer/Xcode/DerivedData/drag.on-bakqcvrpemqybnclbtzzdzkrelef/Build/Products/Debug/drag.on.app/Contents/MacOS/drag.on.debug.dylib normal (in target 'drag.on' from project 'drag.on')
    cd /Users/assimgenshi/Documents/2.coding\ project/drag.on
    /Applications/Xcode.app/Contents/Developer/Toolchains/XcodeDefault.xctoolchain/usr/bin/clang -Xlinker -reproducible -target x86_64-apple-macos14.6 -dynamiclib -isysroot /Applications/Xcode.app/Contents/Developer/Platforms/MacOSX.platform/Developer/SDKs/MacOSX15.2.sdk -O0 -L/Users/assimgenshi/Library/Developer/Xcode/DerivedData/drag.on-bakqcvrpemqybnclbtzzdzkrelef/Build/Intermediates.noindex/EagerLinkingTBDs/Debug -L/Users/assimgenshi/Library/Developer/Xcode/DerivedData/drag.on-bakqcvrpemqybnclbtzzdzkrelef/Build/Products/Debug -F/Users/assimgenshi/Library/Developer/Xcode/DerivedData/drag.on-bakqcvrpemqybnclbtzzdzkrelef/Build/Intermediates.noindex/EagerLinkingTBDs/Debug -F/Users/assimgenshi/Library/Developer/Xcode/DerivedData/drag.on-bakqcvrpemqybnclbtzzdzkrelef/Build/Products/Debug -filelist /Users/assimgenshi/Library/Developer/Xcode/DerivedData/drag.on-bakqcvrpemqybnclbtzzdzkrelef/Build/Intermediates.noindex/drag.on.build/Debug/drag.on.build/Objects-normal/x86_64/drag.on.LinkFileList -install_name @rpath/drag.on.debug.dylib -Xlinker -rpath -Xlinker @executable_path/../Frameworks -Xlinker -object_path_lto -Xlinker /Users/assimgenshi/Library/Developer/Xcode/DerivedData/drag.on-bakqcvrpemqybnclbtzzdzkrelef/Build/Intermediates.noindex/drag.on.build/Debug/drag.on.build/Objects-normal/x86_64/drag.on_lto.o -Xlinker -export_dynamic -Xlinker -no_deduplicate -Xlinker -debug_variant -fobjc-link-runtime -fprofile-instr-generate -L/Applications/Xcode.app/Contents/Developer/Toolchains/XcodeDefault.xctoolchain/usr/lib/swift/macosx -L/usr/lib/swift -Xlinker -add_ast_path -Xlinker /Users/assimgenshi/Library/Developer/Xcode/DerivedData/drag.on-bakqcvrpemqybnclbtzzdzkrelef/Build/Intermediates.noindex/drag.on.build/Debug/drag.on.build/Objects-normal/x86_64/drag_on.swiftmodule -Xlinker -alias -Xlinker _main -Xlinker ___debug_main_executable_dylib_entry_point -Xlinker -no_adhoc_codesign -Xlinker -dependency_info -Xlinker /Users/assimgenshi/Library/Developer/Xcode/DerivedData/drag.on-bakqcvrpemqybnclbtzzdzkrelef/Build/Intermediates.noindex/drag.on.build/Debug/drag.on.build/Objects-normal/x86_64/drag.on_dependency_info.dat -o /Users/assimgenshi/Library/Developer/Xcode/DerivedData/drag.on-bakqcvrpemqybnclbtzzdzkrelef/Build/Products/Debug/drag.on.app/Contents/MacOS/drag.on.debug.dylib

ConstructStubExecutorLinkFileList /Users/assimgenshi/Library/Developer/Xcode/DerivedData/drag.on-bakqcvrpemqybnclbtzzdzkrelef/Build/Intermediates.noindex/drag.on.build/Debug/drag.on.build/drag.on-ExecutorLinkFileList-normal-x86_64.txt (in target 'drag.on' from project 'drag.on')
    cd /Users/assimgenshi/Documents/2.coding\ project/drag.on
    construct-stub-executor-link-file-list /Users/assimgenshi/Library/Developer/Xcode/DerivedData/drag.on-bakqcvrpemqybnclbtzzdzkrelef/Build/Products/Debug/drag.on.app/Contents/MacOS/drag.on.debug.dylib /Applications/Xcode.app/Contents/Developer/Platforms/MacOSX.platform/Developer/usr/lib/libPreviewsJITStubExecutor_no_swift_entry_point.a /Applications/Xcode.app/Contents/Developer/Platforms/MacOSX.platform/Developer/usr/lib/libPreviewsJITStubExecutor.a --output /Users/assimgenshi/Library/Developer/Xcode/DerivedData/drag.on-bakqcvrpemqybnclbtzzdzkrelef/Build/Intermediates.noindex/drag.on.build/Debug/drag.on.build/drag.on-ExecutorLinkFileList-normal-x86_64.txt
note: Using stub executor library with Swift entry point. (in target 'drag.on' from project 'drag.on')

Ld /Users/assimgenshi/Library/Developer/Xcode/DerivedData/drag.on-bakqcvrpemqybnclbtzzdzkrelef/Build/Products/Debug/drag.on.app/Contents/MacOS/drag.on normal (in target 'drag.on' from project 'drag.on')
    cd /Users/assimgenshi/Documents/2.coding\ project/drag.on
    /Applications/Xcode.app/Contents/Developer/Toolchains/XcodeDefault.xctoolchain/usr/bin/clang -Xlinker -reproducible -target x86_64-apple-macos14.6 -isysroot /Applications/Xcode.app/Contents/Developer/Platforms/MacOSX.platform/Developer/SDKs/MacOSX15.2.sdk -O0 -L/Users/assimgenshi/Library/Developer/Xcode/DerivedData/drag.on-bakqcvrpemqybnclbtzzdzkrelef/Build/Products/Debug -F/Users/assimgenshi/Library/Developer/Xcode/DerivedData/drag.on-bakqcvrpemqybnclbtzzdzkrelef/Build/Products/Debug -Xlinker -rpath -Xlinker @executable_path -Xlinker -rpath -Xlinker @executable_path/../Frameworks -Xlinker -export_dynamic -Xlinker -no_deduplicate -Xlinker -debug_variant -e ___debug_blank_executor_main -Xlinker -sectcreate -Xlinker __TEXT -Xlinker __debug_dylib -Xlinker /Users/assimgenshi/Library/Developer/Xcode/DerivedData/drag.on-bakqcvrpemqybnclbtzzdzkrelef/Build/Intermediates.noindex/drag.on.build/Debug/drag.on.build/drag.on-DebugDylibPath-normal-x86_64.txt -Xlinker -sectcreate -Xlinker __TEXT -Xlinker __debug_instlnm -Xlinker /Users/assimgenshi/Library/Developer/Xcode/DerivedData/drag.on-bakqcvrpemqybnclbtzzdzkrelef/Build/Intermediates.noindex/drag.on.build/Debug/drag.on.build/drag.on-DebugDylibInstallName-normal-x86_64.txt -Xlinker -filelist -Xlinker /Users/assimgenshi/Library/Developer/Xcode/DerivedData/drag.on-bakqcvrpemqybnclbtzzdzkrelef/Build/Intermediates.noindex/drag.on.build/Debug/drag.on.build/drag.on-ExecutorLinkFileList-normal-x86_64.txt /Users/assimgenshi/Library/Developer/Xcode/DerivedData/drag.on-bakqcvrpemqybnclbtzzdzkrelef/Build/Products/Debug/drag.on.app/Contents/MacOS/drag.on.debug.dylib -o /Users/assimgenshi/Library/Developer/Xcode/DerivedData/drag.on-bakqcvrpemqybnclbtzzdzkrelef/Build/Products/Debug/drag.on.app/Contents/MacOS/drag.on

CopySwiftLibs /Users/assimgenshi/Library/Developer/Xcode/DerivedData/drag.on-bakqcvrpemqybnclbtzzdzkrelef/Build/Products/Debug/drag.on.app (in target 'drag.on' from project 'drag.on')
    cd /Users/assimgenshi/Documents/2.coding\ project/drag.on
    builtin-swiftStdLibTool --copy --verbose --sign - --scan-executable /Users/assimgenshi/Library/Developer/Xcode/DerivedData/drag.on-bakqcvrpemqybnclbtzzdzkrelef/Build/Products/Debug/drag.on.app/Contents/MacOS/drag.on.debug.dylib --scan-folder /Users/assimgenshi/Library/Developer/Xcode/DerivedData/drag.on-bakqcvrpemqybnclbtzzdzkrelef/Build/Products/Debug/drag.on.app/Contents/Frameworks --scan-folder /Users/assimgenshi/Library/Developer/Xcode/DerivedData/drag.on-bakqcvrpemqybnclbtzzdzkrelef/Build/Products/Debug/drag.on.app/Contents/PlugIns --scan-folder /Users/assimgenshi/Library/Developer/Xcode/DerivedData/drag.on-bakqcvrpemqybnclbtzzdzkrelef/Build/Products/Debug/drag.on.app/Contents/Library/SystemExtensions --scan-folder /Users/assimgenshi/Library/Developer/Xcode/DerivedData/drag.on-bakqcvrpemqybnclbtzzdzkrelef/Build/Products/Debug/drag.on.app/Contents/Extensions --platform macosx --toolchain /Applications/Xcode.app/Contents/Developer/Toolchains/XcodeDefault.xctoolchain --destination /Users/assimgenshi/Library/Developer/Xcode/DerivedData/drag.on-bakqcvrpemqybnclbtzzdzkrelef/Build/Products/Debug/drag.on.app/Contents/Frameworks --strip-bitcode --strip-bitcode-tool /Applications/Xcode.app/Contents/Developer/Toolchains/XcodeDefault.xctoolchain/usr/bin/bitcode_strip --emit-dependency-info /Users/assimgenshi/Library/Developer/Xcode/DerivedData/drag.on-bakqcvrpemqybnclbtzzdzkrelef/Build/Intermediates.noindex/drag.on.build/Debug/drag.on.build/SwiftStdLibToolInputDependencies.dep --filter-for-swift-os

ExtractAppIntentsMetadata (in target 'drag.on' from project 'drag.on')
    cd /Users/assimgenshi/Documents/2.coding\ project/drag.on
    /Applications/Xcode.app/Contents/Developer/Toolchains/XcodeDefault.xctoolchain/usr/bin/appintentsmetadataprocessor --output /Users/assimgenshi/Library/Developer/Xcode/DerivedData/drag.on-bakqcvrpemqybnclbtzzdzkrelef/Build/Products/Debug/drag.on.app/Contents/Resources --toolchain-dir /Applications/Xcode.app/Contents/Developer/Toolchains/XcodeDefault.xctoolchain --module-name drag_on --sdk-root /Applications/Xcode.app/Contents/Developer/Platforms/MacOSX.platform/Developer/SDKs/MacOSX15.2.sdk --xcode-version 16C5032a --platform-family macOS --deployment-target 14.6 --bundle-identifier com.yokai.drag-on --target-triple x86_64-apple-macos14.6 --binary-file /Users/assimgenshi/Library/Developer/Xcode/DerivedData/drag.on-bakqcvrpemqybnclbtzzdzkrelef/Build/Products/Debug/drag.on.app/Contents/MacOS/drag.on --dependency-file /Users/assimgenshi/Library/Developer/Xcode/DerivedData/drag.on-bakqcvrpemqybnclbtzzdzkrelef/Build/Intermediates.noindex/drag.on.build/Debug/drag.on.build/Objects-normal/x86_64/drag.on_dependency_info.dat --stringsdata-file /Users/assimgenshi/Library/Developer/Xcode/DerivedData/drag.on-bakqcvrpemqybnclbtzzdzkrelef/Build/Intermediates.noindex/drag.on.build/Debug/drag.on.build/Objects-normal/x86_64/ExtractedAppShortcutsMetadata.stringsdata --source-file-list /Users/assimgenshi/Library/Developer/Xcode/DerivedData/drag.on-bakqcvrpemqybnclbtzzdzkrelef/Build/Intermediates.noindex/drag.on.build/Debug/drag.on.build/Objects-normal/x86_64/drag.on.SwiftFileList --metadata-file-list /Users/assimgenshi/Library/Developer/Xcode/DerivedData/drag.on-bakqcvrpemqybnclbtzzdzkrelef/Build/Intermediates.noindex/drag.on.build/Debug/drag.on.build/drag.on.DependencyMetadataFileList --swift-const-vals-list /Users/assimgenshi/Library/Developer/Xcode/DerivedData/drag.on-bakqcvrpemqybnclbtzzdzkrelef/Build/Intermediates.noindex/drag.on.build/Debug/drag.on.build/Objects-normal/x86_64/drag.on.SwiftConstValuesFileList --compile-time-extraction --deployment-aware-processing --validate-assistant-intents
note: Metadata extraction skipped. No AppIntents.framework dependency found. (in target 'drag.on' from project 'drag.on')

CodeSign /Users/assimgenshi/Library/Developer/Xcode/DerivedData/drag.on-bakqcvrpemqybnclbtzzdzkrelef/Build/Products/Debug/drag.on.app/Contents/MacOS/drag.on.debug.dylib (in target 'drag.on' from project 'drag.on')
    cd /Users/assimgenshi/Documents/2.coding\ project/drag.on
    
    Signing Identity:     "Sign to Run Locally"
    
    /usr/bin/codesign --force --sign - --timestamp\=none --generate-entitlement-der /Users/assimgenshi/Library/Developer/Xcode/DerivedData/drag.on-bakqcvrpemqybnclbtzzdzkrelef/Build/Products/Debug/drag.on.app/Contents/MacOS/drag.on.debug.dylib

CodeSign /Users/assimgenshi/Library/Developer/Xcode/DerivedData/drag.on-bakqcvrpemqybnclbtzzdzkrelef/Build/Products/Debug/drag.on.app (in target 'drag.on' from project 'drag.on')
    cd /Users/assimgenshi/Documents/2.coding\ project/drag.on
    
    Signing Identity:     "Sign to Run Locally"
    
    /usr/bin/codesign --force --sign - --entitlements /Users/assimgenshi/Library/Developer/Xcode/DerivedData/drag.on-bakqcvrpemqybnclbtzzdzkrelef/Build/Intermediates.noindex/drag.on.build/Debug/drag.on.build/drag.on.app.xcent --timestamp\=none --generate-entitlement-der /Users/assimgenshi/Library/Developer/Xcode/DerivedData/drag.on-bakqcvrpemqybnclbtzzdzkrelef/Build/Products/Debug/drag.on.app

Validate /Users/assimgenshi/Library/Developer/Xcode/DerivedData/drag.on-bakqcvrpemqybnclbtzzdzkrelef/Build/Products/Debug/drag.on.app (in target 'drag.on' from project 'drag.on')
    cd /Users/assimgenshi/Documents/2.coding\ project/drag.on
    builtin-validationUtility /Users/assimgenshi/Library/Developer/Xcode/DerivedData/drag.on-bakqcvrpemqybnclbtzzdzkrelef/Build/Products/Debug/drag.on.app -no-validate-extension -infoplist-subpath Contents/Info.plist

RegisterWithLaunchServices /Users/assimgenshi/Library/Developer/Xcode/DerivedData/drag.on-bakqcvrpemqybnclbtzzdzkrelef/Build/Products/Debug/drag.on.app (in target 'drag.on' from project 'drag.on')
    cd /Users/assimgenshi/Documents/2.coding\ project/drag.on
    /System/Library/Frameworks/CoreServices.framework/Versions/Current/Frameworks/LaunchServices.framework/Versions/Current/Support/lsregister -f -R -trusted /Users/assimgenshi/Library/Developer/Xcode/DerivedData/drag.on-bakqcvrpemqybnclbtzzdzkrelef/Build/Products/Debug/drag.on.app

** BUILD SUCCEEDED **

